2025-12-20 21:08:54,553 INFO sqlalchemy.engine.Engine BEGIN (implicit)
2025-12-20 21:08:54,553 INFO sqlalchemy.engine.Engine PRAGMA main.table_info("user")
2025-12-20 21:08:54,553 INFO sqlalchemy.engine.Engine [raw sql] ()
2025-12-20 21:08:54,554 INFO sqlalchemy.engine.Engine PRAGMA main.table_info("fooditem")
2025-12-20 21:08:54,554 INFO sqlalchemy.engine.Engine [raw sql] ()
2025-12-20 21:08:54,554 INFO sqlalchemy.engine.Engine PRAGMA main.table_info("meallog")
2025-12-20 21:08:54,554 INFO sqlalchemy.engine.Engine [raw sql] ()
2025-12-20 21:08:54,554 INFO sqlalchemy.engine.Engine PRAGMA main.table_info("weeklyplan")
2025-12-20 21:08:54,554 INFO sqlalchemy.engine.Engine [raw sql] ()
2025-12-20 21:08:54,555 INFO sqlalchemy.engine.Engine COMMIT
2025-12-20 21:08:54,555 INFO sqlalchemy.engine.Engine BEGIN (implicit)
2025-12-20 21:08:54,560 INFO sqlalchemy.engine.Engine SELECT user.email, user.full_name, user.is_active, user.age, user.gender, user.height, user.weight, user.activity_level, user.daily_calorie_goal, user.goal, user.id, user.hashed_password, user.is_admin 
FROM user 
WHERE user.email = ?
2025-12-20 21:08:54,560 INFO sqlalchemy.engine.Engine [generated in 0.00015s] ('admin@admin.com',)
2025-12-20 21:08:54,560 INFO sqlalchemy.engine.Engine ROLLBACK
venv\Scripts\python : Traceback (most recent call 
last):
At line:1 char:1
+ venv\Scripts\python 
scripts/create_admin_user.py > error_log.txt 2>&1
+ ~~~~~~~~~~~~~~~~~~~~~~~~~~~~~~~~~~~~~~~~~~~~~~~~
~~~~~~~~~~~~~~~~~~~~~
    + CategoryInfo          : NotSpecified: (Trac 
   eback (most recent call last)::String) [], Re  
  moteException
    + FullyQualifiedErrorId : NativeCommandError
 
  File "C:\Users\taher\Desktop\dev\advanced_SE\adv
anced_SE\backend\venv\Lib\site-packages\sqlalchemy
\engine\base.py", line 1967, in 
_exec_single_context
    self.dialect.do_execute(
    ~~~~~~~~~~~~~~~~~~~~~~~^
        cursor, str_statement, 
effective_parameters, context
        ^^^^^^^^^^^^^^^^^^^^^^^^^^^^^^^^^^^^^^^^^^
^^^^^^^^^^
    )
    ^
  File "C:\Users\taher\Desktop\dev\advanced_SE\adv
anced_SE\backend\venv\Lib\site-packages\sqlalchemy
\engine\default.py", line 952, in do_execute
    cursor.execute(statement, parameters)
    ~~~~~~~~~~~~~~^^^^^^^^^^^^^^^^^^^^^^^
sqlite3.OperationalError: no such column: 
user.is_admin

The above exception was the direct cause of the 
following exception:

Traceback (most recent call last):
  File "C:\Users\taher\Desktop\dev\advanced_SE\adv
anced_SE\backend\scripts\create_admin_user.py", 
line 45, in <module>
    create_admin_user()
    ~~~~~~~~~~~~~~~~~^^
  File "C:\Users\taher\Desktop\dev\advanced_SE\adv
anced_SE\backend\scripts\create_admin_user.py", 
line 20, in create_admin_user
    user = session.exec(statement).first()
           ~~~~~~~~~~~~^^^^^^^^^^^
  File "C:\Users\taher\Desktop\dev\advanced_SE\adv
anced_SE\backend\venv\Lib\site-packages\sqlmodel\o
rm\session.py", line 83, in exec
    results = super().execute(
        statement,
    ...<4 lines>...
        _add_event=_add_event,
    )
  File "C:\Users\taher\Desktop\dev\advanced_SE\adv
anced_SE\backend\venv\Lib\site-packages\sqlalchemy
\orm\session.py", line 2351, in execute
    return self._execute_internal(
           ~~~~~~~~~~~~~~~~~~~~~~^
        statement,
        ^^^^^^^^^^
    ...<4 lines>...
        _add_event=_add_event,
        ^^^^^^^^^^^^^^^^^^^^^^
    )
    ^
  File "C:\Users\taher\Desktop\dev\advanced_SE\adv
anced_SE\backend\venv\Lib\site-packages\sqlalchemy
\orm\session.py", line 2249, in _execute_internal
    result: Result[Any] = 
compile_state_cls.orm_execute_statement(
                          
~~~~~~~~~~~~~~~~~~~~~~~~~~~~~~~~~~~~~~~^
        self,
        ^^^^^
    ...<4 lines>...
        conn,
        ^^^^^
    )
    ^
  File "C:\Users\taher\Desktop\dev\advanced_SE\adv
anced_SE\backend\venv\Lib\site-packages\sqlalchemy
\orm\context.py", line 306, in 
orm_execute_statement
    result = conn.execute(
        statement, params or {}, 
execution_options=execution_options
    )
  File "C:\Users\taher\Desktop\dev\advanced_SE\adv
anced_SE\backend\venv\Lib\site-packages\sqlalchemy
\engine\base.py", line 1419, in execute
    return meth(
        self,
        distilled_parameters,
        execution_options or NO_OPTIONS,
    )
  File "C:\Users\taher\Desktop\dev\advanced_SE\adv
anced_SE\backend\venv\Lib\site-packages\sqlalchemy
\sql\elements.py", line 527, in 
_execute_on_connection
    return connection._execute_clauseelement(
           ~~~~~~~~~~~~~~~~~~~~~~~~~~~~~~~~~^
        self, distilled_params, execution_options
        ^^^^^^^^^^^^^^^^^^^^^^^^^^^^^^^^^^^^^^^^^
    )
    ^
  File "C:\Users\taher\Desktop\dev\advanced_SE\adv
anced_SE\backend\venv\Lib\site-packages\sqlalchemy
\engine\base.py", line 1641, in 
_execute_clauseelement
    ret = self._execute_context(
        dialect,
    ...<8 lines>...
        cache_hit=cache_hit,
    )
  File "C:\Users\taher\Desktop\dev\advanced_SE\adv
anced_SE\backend\venv\Lib\site-packages\sqlalchemy
\engine\base.py", line 1846, in _execute_context
    return self._exec_single_context(
           ~~~~~~~~~~~~~~~~~~~~~~~~~^
        dialect, context, statement, parameters
        ^^^^^^^^^^^^^^^^^^^^^^^^^^^^^^^^^^^^^^^
    )
    ^
  File "C:\Users\taher\Desktop\dev\advanced_SE\adv
anced_SE\backend\venv\Lib\site-packages\sqlalchemy
\engine\base.py", line 1986, in 
_exec_single_context
    self._handle_dbapi_exception(
    ~~~~~~~~~~~~~~~~~~~~~~~~~~~~^
        e, str_statement, effective_parameters, 
cursor, context
        ^^^^^^^^^^^^^^^^^^^^^^^^^^^^^^^^^^^^^^^^^^
^^^^^^^^^^^^^
    )
    ^
  File "C:\Users\taher\Desktop\dev\advanced_SE\adv
anced_SE\backend\venv\Lib\site-packages\sqlalchemy
\engine\base.py", line 2363, in 
_handle_dbapi_exception
    raise 
sqlalchemy_exception.with_traceback(exc_info[2]) 
from e
  File "C:\Users\taher\Desktop\dev\advanced_SE\adv
anced_SE\backend\venv\Lib\site-packages\sqlalchemy
\engine\base.py", line 1967, in 
_exec_single_context
    self.dialect.do_execute(
    ~~~~~~~~~~~~~~~~~~~~~~~^
        cursor, str_statement, 
effective_parameters, context
        ^^^^^^^^^^^^^^^^^^^^^^^^^^^^^^^^^^^^^^^^^^
^^^^^^^^^^
    )
    ^
  File "C:\Users\taher\Desktop\dev\advanced_SE\adv
anced_SE\backend\venv\Lib\site-packages\sqlalchemy
\engine\default.py", line 952, in do_execute
    cursor.execute(statement, parameters)
    ~~~~~~~~~~~~~~^^^^^^^^^^^^^^^^^^^^^^^
sqlalchemy.exc.OperationalError: 
(sqlite3.OperationalError) no such column: 
user.is_admin
[SQL: SELECT user.email, user.full_name, 
user.is_active, user.age, user.gender, 
user.height, user.weight, user.activity_level, 
user.daily_calorie_goal, user.goal, user.id, 
user.hashed_password, user.is_admin 
FROM user 
WHERE user.email = ?]
[parameters: ('admin@admin.com',)]
(Background on this error at: 
https://sqlalche.me/e/20/e3q8)
ERROR: (sqlite3.OperationalError) no such column: user.is_admin
[SQL: SELECT user.email, user.full_name, user.is_active, user.age, user.gender, user.height, user.weight, user.activity_level, user.daily_calorie_goal, user.goal, user.id, user.hashed_password, user.is_admin 
FROM user 
WHERE user.email = ?]
[parameters: ('admin@admin.com',)]
(Background on this error at: https://sqlalche.me/e/20/e3q8)
